// Jest Snapshot v1, https://goo.gl/fbAQLP

exports[`Test in <SearchScreen /> Should display Batman and the input with the value of the queryString 1`] = `
<div>
  <h1>
    Search Screen
  </h1>
  <hr />
  <div
    className="row"
  >
    <div
      className="col-5"
    >
      <h4>
        Search Form
      </h4>
      <hr />
      <form
        onSubmit={[Function]}
      >
        <input
          className="form-control"
          name="searchText"
          onChange={[Function]}
          placeholder="Find your Hero"
          type="text"
          value="batman"
        />
        <button
          className="btn m-1 btn-block btn-outline-primary"
          type="submit"
        >
          Search...
        </button>
      </form>
    </div>
    <div
      className="col-7"
    >
      <h4>
        Results 
      </h4>
      <hr />
      <div
        className="card ms-3"
        style={
          Object {
            "maxWidth": 540,
          }
        }
      >
        <div
          className="row no-gutters"
        >
          <div
            className="col-md-4"
          >
            <img
              alt="Batman"
              className="card-img"
              src="./assets/heroes/dc-batman.jpg"
            />
          </div>
          <div
            className="col-md-8"
          >
            <div
              className="card-body"
            >
              <h5
                className="card-title"
              >
                Batman
              </h5>
              <p
                className="card-text"
              >
                Bruce Wayne
              </p>
              <p
                className="card-text"
              >
                <small
                  className="text-muted"
                >
                  Detective Comics #27
                </small>
              </p>
              <a
                href="/hero/dc-batman"
                onClick={[Function]}
              >
                MÃ¡s...
              </a>
            </div>
          </div>
        </div>
      </div>
    </div>
  </div>
</div>
`;

exports[`Test in <SearchScreen /> Should display Error if no hero found 1`] = `
<div>
  <h1>
    Search Screen
  </h1>
  <hr />
  <div
    className="row"
  >
    <div
      className="col-5"
    >
      <h4>
        Search Form
      </h4>
      <hr />
      <form
        onSubmit={[Function]}
      >
        <input
          className="form-control"
          name="searchText"
          onChange={[Function]}
          placeholder="Find your Hero"
          type="text"
          value="IronSpider"
        />
        <button
          className="btn m-1 btn-block btn-outline-primary"
          type="submit"
        >
          Search...
        </button>
      </form>
    </div>
    <div
      className="col-7"
    >
      <h4>
        Results 
      </h4>
      <hr />
      <div
        className="alert alert-danger"
      >
        There is no a hero with 
        IronSpider
      </div>
    </div>
  </div>
</div>
`;

exports[`Test in <SearchScreen /> Should displayed correctly with the  default value 1`] = `
<div>
  <h1>
    Search Screen
  </h1>
  <hr />
  <div
    className="row"
  >
    <div
      className="col-5"
    >
      <h4>
        Search Form
      </h4>
      <hr />
      <form
        onSubmit={[Function]}
      >
        <input
          className="form-control"
          name="searchText"
          onChange={[Function]}
          placeholder="Find your Hero"
          type="text"
          value=""
        />
        <button
          className="btn m-1 btn-block btn-outline-primary"
          type="submit"
        >
          Search...
        </button>
      </form>
    </div>
    <div
      className="col-7"
    >
      <h4>
        Results 
      </h4>
      <hr />
      <div
        className="alert alert-info"
      >
        Search a hero
      </div>
    </div>
  </div>
</div>
`;
